exit_code: 0
--- stdout ---
add-str Error | add-str
add-str-lhs Error | add-str-lhs
add-num Error | add-num
sub Error | sub
mul Error | mul
div Error | div
mod Error | mod
exp Error | exp
bitor Error | bitor
bitand Error | bitand
bitxor Error | bitxor
shl Error | shl
shr Error | shr
ushr Error | ushr
add-order Error | add-order
addRhsRan: false
lt-order Error | lt-order
ltRhsRan: false
--- stderr ---
