exit_code: 0
--- stdout ---
=== Object.keys on proxy ===
ownKeys trap
keys: ["a","b","c"]

=== Object.entries on proxy ===
entries: [["foo","bar"],["baz","qux"]]

=== Object.values on proxy ===
values ownKeys trap
values get trap
values: [11]

=== Object.getOwnPropertySymbols on proxy ===
symbols ownKeys trap
symbols length: 1
symbols match: true

=== Object.getOwnPropertyNames on proxy ===
own names: ["a","b","hidden"]
--- stderr ---
