exit_code: 0
--- stdout ---
Set([1,2,3,4])
Set([2,3])
Set([1,3])
Set([1,2,4])
true false
true false
true false
Set([1]) Set([])
Set([1,2]) true false
Set([0]) Set([1,null])
true Set([1]) true
true 1
Set([1,3,2]) Set([1]) true
Set([1,2,9]) Set([1])
Set([2]) Set([2,9])
true true true
true false
[2,3] [1,3]
union union 1 function
intersection intersection 1 function
difference difference 1 function
symmetricDifference symmetricDifference 1 function
isSubsetOf isSubsetOf 1 function
isSupersetOf isSupersetOf 1 function
isDisjointFrom isDisjointFrom 1 function
--- stderr ---
